cmd : 'pnpm' is not recognized as an internal or external command,
At line:1 char:1
+ cmd /c "pnpm --filter web build" > build_output.txt 2>&1; Get-Content ...
+ ~~~~~~~~~~~~~~~~~~~~~~~~~~~~~~~~~~~~~~~~~~~~~~~~~~~~~~~~
    + CategoryInfo          : NotSpecified: ('pnpm' is not r...ternal command,:String) [], RemoteException
    + FullyQualifiedErrorId : NativeCommandError
 
operable program or batch file.
